[www.oispakaljaa.com/index.html]
[backblue.gif]
[fade.gif]
[index.html]
[www.oispakaljaa.com/style/main.css]
[www.oispakaljaa.com/favicon.png]
[www.oispakaljaa.com/img/og_katko.png]
[connect.facebook.net/fi_FI/all.js]
[www.google-analytics.com/analytics.js]
[www.oispakaljaa.com/js/animframe_polyfill.js]
[www.oispakaljaa.com/js/keyboard_input_manager.js]
[www.oispakaljaa.com/js/html_actuator.js]
[www.oispakaljaa.com/js/grid.js]
[www.oispakaljaa.com/js/tile.js]
[www.oispakaljaa.com/js/local_score_manager.js]
[www.oispakaljaa.com/index.html]
[www.oispakaljaa.com/js/game_manager.js]
[www.oispakaljaa.com/js/application.js]
[www.oispakaljaa.com/img/megabg.jpg]
[www.oispakaljaa.com/img/2.png]
[www.oispakaljaa.com/img/4.png]
[www.oispakaljaa.com/img/8.png]
[www.oispakaljaa.com/img/16.png]
[www.oispakaljaa.com/img/32.png]
[www.oispakaljaa.com/img/64.png]
[www.oispakaljaa.com/img/128.png]
[www.oispakaljaa.com/img/256.png]
[www.oispakaljaa.com/img/512.png]
[www.oispakaljaa.com/img/1024.png]
[www.oispakaljaa.com/img/2048.png]
[www.oispakaljaa.com/img/super.png]
[www.oispakaljaa.com/style/main.css]
[www.oispakaljaa.com/meta/apple-touch-icon.html]
[connect.facebook.net/fi_FI/all.js]
[www.oispakaljaa.com/img/og_katko.png]
